Microchip MPLAB XC8 Compiler V3.10

Linker command line:

-W-3 \
  --edf=C:\Program Files\Microchip\xc8\v3.10\pic\dat\20250813170317_en.msgs \
  -cn -h+dist/default/production\CBB.X.production.sym \
  --cmf=dist/default/production\CBB.X.production.cmf -z -Q16F877A \
  -oC:\Users\RAMAKR~1\AppData\Local\Temp\xcAs3jk.0\driver_tmp_3.o \
  --defsym=__MPLAB_BUILD=1 --fixupoverflow=error \
  -Mdist/default/production/CBB.X.production.map \
  --md=C:\Users\RAMAKR~1\AppData\Local\Temp\xcAs3jk.0\driver_tmp_0.dat -E1 \
  -ver=XC8 Compiler -ACODE=00h-07FFhx4 -ASTRCODE=00h-01FFFh \
  -ASTRING=00h-0FFhx32 -ACONST=00h-0FFhx32 -AENTRY=00h-0FFhx32 \
  -ACOMMON=070h-07Fh -ABANK0=020h-06Fh -ABANK1=0A0h-0EFh \
  -ABANK2=0110h-016Fh -ABANK3=0190h-01EFh \
  -ARAM=020h-06Fh,0A0h-0EFh,0110h-016Fh,0190h-01EFh \
  -AABS1=020h-07Fh,0A0h-0EFh,0110h-016Fh,0190h-01EFh -ASFR0=00h-01Fh \
  -ASFR1=080h-09Fh -ASFR2=0100h-010Fh -ASFR3=0180h-018Fh \
  -ACONFIG=02007h-02007h -DCONFIG=2 -AIDLOC=02000h-02003h -DIDLOC=2 \
  -AEEDATA=00h-0FFh/02100h -peeprom_data=EEDATA -DEEDATA=2 -DCODE=2 \
  -DSTRCODE=2 -DSTRING=2 -DCONST=2 -DENTRY=2 \
  -preset_vec=00h,intentry=04h,sivt,init,end_init -ppowerup=CODE \
  -pcinit=CODE -pfunctab=ENTRY -k \
  C:\Users\RAMAKR~1\AppData\Local\Temp\xcAs3jk.0\driver_tmp_12.o \
  dist/default/production\CBB.X.production.o 

Object code version is 3.11

Machine type is 16F877A



                Name                               Link     Load   Length Selector   Space Scale
C:\Users\RAMAKR~1\AppData\Local\Temp\xcAs3jk.0\driver_tmp_12.o
                end_init                              C        C        3        8       0
                reset_vec                             0        0        3        0       0
                config                             2007     2007        1        0       4
dist/default/production\CBB.X.production.o
                cinit                                 F        F       57        8       0
                intentry                              4        4        8        8       0
                config                             2007     2007        1        0       4
                text50                              7B0      7B0       47        8       0
                text49                             11EB     11EB       36     23D6       0
                text48                             1F9A     1F9A       33     3F34       0
                text47                             11A2     11A2       15     2344       0
                text46                             1EBD     1EBD       28     3D7A       0
                text45                             1D65     1D65       11     3ACA       0
                text44                              DE1      DE1      21F     1BC2       0
                text43                             1292     1292       42     2524       0
                text42                              5E6      5E6      1CA        8       0
                text41                             150F     150F       76     2A1E       0
                text40                             12D4     12D4       44     25A8       0
                text39                             1221     1221       38     2442       0
                text38                             163A     163A       B6     2C74       0
                text37                              801      801       1B     1002       0
                text36                             1318     1318       54     2630       0
                text35                             1D58     1D58        D     3AB0       0
                text34                             1E0D     1E0D       21     3C1A       0
                text33                             1D18     1D18        9     3A30       0
                text32                              7F7      7F7        9        8       0
                text31                             1D21     1D21        B     3A42       0
                text30                             1D2C     1D2C        B     3A58       0
                text29                             1EE5     1EE5       2B     3DCA       0
                text28                             1DED     1DED       20     3BDA       0
                text27                             1DAF     1DAF       1F     3B5E       0
                text26                             1F6A     1F6A       30     3ED4       0
                text25                             16F0     16F0      110     2DE0       0
                text24                             149A     149A       75     2934       0
                text23                              C2D      C2D      1B4     185A       0
                text22                             1E72     1E72       25     3CE4       0
                text21                             1D37     1D37        B     3A6E       0
                text20                             1E97     1E97       26     3D2E       0
                text19                             1F10     1F10       2B     3E20       0
                text18                              81C      81C      144     1038       0
                text17                             1D09     1D09        7     3A12       0
                text16                             136C     136C       63     26D8       0
                text15                             1D42     1D42        B     3A84       0
                text14                             1D03     1D03        6     3A06       0
                text13                             1E2E     1E2E       22     3C5C       0
                text12                             1D9B     1D9B       14     3B36       0
                text11                             1434     1434       66     2868       0
                text10                             11B7     11B7       34     236E       0
                text9                              1D4D     1D4D        B     3A9A       0
                text8                              1FCD     1FCD       33     3F9A       0
                text7                              1259     1259       39     24B2       0
                text6                               392      392      254        8       0
                text5                              13CF     13CF       65     279E       0
                text4                               960      960      154     12C0       0
                text3                              1F3B     1F3B       2F     3E76       0
                text2                                66       66      32C        8       0
                text1                               AB4      AB4      179     1568       0
                maintext                           1585     1585       B5     2B0A       0
                cstackBANK0                          20       20       3B       20       1
                cstackCOMMON                         70       70        8       70       1
                clrtext                            1D10     1D10        8     3A20       0
                inittext                           1D88     1D88       13     3B10       0
                dataBANK2                           110      110       22      110       1
                dataBANK3                           1CA      1CA       1F      190       1
                bssBANK3                            190      190       3A      190       1
                dataBANK1                            DA       DA       12       A0       1
                bssBANK1                             A0       A0       3A       A0       1
                dataBANK0                            6D       6D        2       20       1
                bssBANK0                             5B       5B       12       20       1
                bssCOMMON                            78       78        4       70       1
                stringtext                         1000     1000      19D       20       0
                strings                            1800     1800       12     3000       0
                idataBANK3                         1DCE     1DCE       1F     3B9C       0
                idataBANK2                         1E50     1E50       22     3CA0       0
                idataBANK1                         1D76     1D76       12     3AEC       0
                idataBANK0                         11A0     11A0        2     2340       0

TOTAL           Name                               Link     Load   Length     Space
        CLASS   CODE           
                end_init                              C        C        3         0
                cinit                                 F        F       57         0
                intentry                              4        4        8         0
                reset_vec                             0        0        3         0
                text50                              7B0      7B0       47         0
                text49                             11EB     11EB       36         0
                text48                             1F9A     1F9A       33         0
                text47                             11A2     11A2       15         0
                text46                             1EBD     1EBD       28         0
                text45                             1D65     1D65       11         0
                text44                              DE1      DE1      21F         0
                text43                             1292     1292       42         0
                text42                              5E6      5E6      1CA         0
                text41                             150F     150F       76         0
                text40                             12D4     12D4       44         0
                text39                             1221     1221       38         0
                text38                             163A     163A       B6         0
                text37                              801      801       1B         0
                text36                             1318     1318       54         0
                text35                             1D58     1D58        D         0
                text34                             1E0D     1E0D       21         0
                text33                             1D18     1D18        9         0
                text32                              7F7      7F7        9         0
                text31                             1D21     1D21        B         0
                text30                             1D2C     1D2C        B         0
                text29                             1EE5     1EE5       2B         0
                text28                             1DED     1DED       20         0
                text27                             1DAF     1DAF       1F         0
                text26                             1F6A     1F6A       30         0
                text25                             16F0     16F0      110         0
                text24                             149A     149A       75         0
                text23                              C2D      C2D      1B4         0
                text22                             1E72     1E72       25         0
                text21                             1D37     1D37        B         0
                text20                             1E97     1E97       26         0
                text19                             1F10     1F10       2B         0
                text18                              81C      81C      144         0
                text17                             1D09     1D09        7         0
                text16                             136C     136C       63         0
                text15                             1D42     1D42        B         0
                text14                             1D03     1D03        6         0
                text13                             1E2E     1E2E       22         0
                text12                             1D9B     1D9B       14         0
                text11                             1434     1434       66         0
                text10                             11B7     11B7       34         0
                text9                              1D4D     1D4D        B         0
                text8                              1FCD     1FCD       33         0
                text7                              1259     1259       39         0
                text6                               392      392      254         0
                text5                              13CF     13CF       65         0
                text4                               960      960      154         0
                text3                              1F3B     1F3B       2F         0
                text2                                66       66      32C         0
                text1                               AB4      AB4      179         0
                maintext                           1585     1585       B5         0
                clrtext                            1D10     1D10        8         0
                inittext                           1D88     1D88       13         0
                idataBANK3                         1DCE     1DCE       1F         0
                idataBANK2                         1E50     1E50       22         0
                idataBANK1                         1D76     1D76       12         0
                idataBANK0                         11A0     11A0        2         0

        CLASS   STRCODE        
                stringtext                         1000     1000      19D         0

        CLASS   STRING         
                strings                            1800     1800       12         0

        CLASS   CONST          

        CLASS   ENTRY          

        CLASS   COMMON         
                cstackCOMMON                         70       70        8         1
                bssCOMMON                            78       78        4         1

        CLASS   BANK0          
                cstackBANK0                          20       20       3B         1
                dataBANK0                            6D       6D        2         1
                bssBANK0                             5B       5B       12         1

        CLASS   BANK1          
                dataBANK1                            DA       DA       12         1
                bssBANK1                             A0       A0       3A         1

        CLASS   BANK2          
                dataBANK2                           110      110       22         1

        CLASS   BANK3          
                dataBANK3                           1CA      1CA       1F         1
                bssBANK3                            190      190       3A         1

        CLASS   RAM            

        CLASS   ABS1           
                abs_s1                               7E       7E        2         1

        CLASS   SFR0           

        CLASS   SFR1           

        CLASS   SFR2           

        CLASS   SFR3           

        CLASS   CONFIG         
                config                             2007     2007        1         4

        CLASS   IDLOC          

        CLASS   EEDATA         

        CLASS   HEAP           

        CLASS   STACK          



SEGMENTS        Name                           Load    Length   Top    Selector   Space  Class     Delta

                reset_vec                      000000  000003  000003         0       0  CODE        2
                intentry                       000004  0007FC  000800         8       0  CODE        2
                cstackBANK0                    000020  00004F  00006F        20       1  BANK0       1
                cstackCOMMON                   000070  00000C  00007C        70       1  COMMON      1
                bssBANK1                       0000A0  00004C  0000EC        A0       1  BANK1       1
                dataBANK2                      000110  000022  000132       110       1  BANK2       1
                bssBANK3                       000190  000059  0001E9       190       1  BANK3       1
                text37                         000801  00001B  00081C      1002       0  CODE        2
                text18                         00081C  000144  000960      1038       0  CODE        2
                text4                          000960  000154  000AB4      12C0       0  CODE        2
                text1                          000AB4  000179  000C2D      1568       0  CODE        2
                text23                         000C2D  0001B4  000DE1      185A       0  CODE        2
                text44                         000DE1  00021F  001000      1BC2       0  CODE        2
                stringtext                     001000  00019D  00119D        20       0  STRCODE     2
                idataBANK0                     0011A0  000002  0011A2      2340       0  CODE        2
                text47                         0011A2  000015  0011B7      2344       0  CODE        2
                text10                         0011B7  000034  0011EB      236E       0  CODE        2
                text49                         0011EB  000036  001221      23D6       0  CODE        2
                text39                         001221  000038  001259      2442       0  CODE        2
                text7                          001259  000039  001292      24B2       0  CODE        2
                text43                         001292  000042  0012D4      2524       0  CODE        2
                text40                         0012D4  000044  001318      25A8       0  CODE        2
                text36                         001318  000054  00136C      2630       0  CODE        2
                text16                         00136C  000063  0013CF      26D8       0  CODE        2
                text5                          0013CF  000065  001434      279E       0  CODE        2
                text11                         001434  000066  00149A      2868       0  CODE        2
                text24                         00149A  000075  00150F      2934       0  CODE        2
                text41                         00150F  000076  001585      2A1E       0  CODE        2
                maintext                       001585  0000B5  00163A      2B0A       0  CODE        2
                text38                         00163A  0000B6  0016F0      2C74       0  CODE        2
                text25                         0016F0  000110  001800      2DE0       0  CODE        2
                strings                        001800  000012  001812      3000       0  STRING      2
                text14                         001D03  000006  001D09      3A06       0  CODE        2
                text17                         001D09  000007  001D10      3A12       0  CODE        2
                clrtext                        001D10  000008  001D18      3A20       0  CODE        2
                text33                         001D18  000009  001D21      3A30       0  CODE        2
                text31                         001D21  00000B  001D2C      3A42       0  CODE        2
                text30                         001D2C  00000B  001D37      3A58       0  CODE        2
                text21                         001D37  00000B  001D42      3A6E       0  CODE        2
                text15                         001D42  00000B  001D4D      3A84       0  CODE        2
                text9                          001D4D  00000B  001D58      3A9A       0  CODE        2
                text35                         001D58  00000D  001D65      3AB0       0  CODE        2
                text45                         001D65  000011  001D76      3ACA       0  CODE        2
                idataBANK1                     001D76  000012  001D88      3AEC       0  CODE        2
                inittext                       001D88  000013  001D9B      3B10       0  CODE        2
                text12                         001D9B  000014  001DAF      3B36       0  CODE        2
                text27                         001DAF  00001F  001DCE      3B5E       0  CODE        2
                idataBANK3                     001DCE  00001F  001DED      3B9C       0  CODE        2
                text28                         001DED  000020  001E0D      3BDA       0  CODE        2
                text34                         001E0D  000021  001E2E      3C1A       0  CODE        2
                text13                         001E2E  000022  001E50      3C5C       0  CODE        2
                idataBANK2                     001E50  000022  001E72      3CA0       0  CODE        2
                text22                         001E72  000025  001E97      3CE4       0  CODE        2
                text20                         001E97  000026  001EBD      3D2E       0  CODE        2
                text46                         001EBD  000028  001EE5      3D7A       0  CODE        2
                text29                         001EE5  00002B  001F10      3DCA       0  CODE        2
                text19                         001F10  00002B  001F3B      3E20       0  CODE        2
                text3                          001F3B  00002F  001F6A      3E76       0  CODE        2
                text26                         001F6A  000030  001F9A      3ED4       0  CODE        2
                text48                         001F9A  000033  001FCD      3F34       0  CODE        2
                text8                          001FCD  000033  002000      3F9A       0  CODE        2


UNUSED ADDRESS RANGES

        Name                Unused          Largest block    Delta
        BANK0            006F-006F              1           1
        BANK1            00EC-00EF              4           1
        BANK2            0132-016F             3E           1
        BANK3            01E9-01EF              7           1
        CODE             0003-0003              1           2
                         0800-0800              1
                         119D-119F              3
                         1812-1D02            4F1
        COMMON           007C-007D              2           1
        CONST            0003-0003              1           2
                         0800-0800              1
                         119D-119F              3
                         1812-1D02            100
        EEDATA           2100-21FF            100           2
        ENTRY            0003-0003              1           2
                         0800-0800              1
                         119D-119F              3
                         1812-1D02            100
        IDLOC            2000-2003              4           2
        RAM              006F-006F              1           1
                         00EC-00EF              4
                         0132-016F             3E
                         01E9-01EF              7
        SFR0             0000-001F             20           1
        SFR1             0080-009F             20           1
        SFR2             0100-010F             10           1
        SFR3             0180-018F             10           1
        STRCODE          0003-0003              1           2
                         0800-0800              1
                         119D-119F              3
                         1812-1D02            4F1
        STRING           0003-0003              1           2
                         0800-0800              1
                         119D-119F              3
                         1812-1D02            100

                                  Symbol Table

?___awdiv                        cstackCOMMON 0072
?___fldiv                        cstackBANK0  002E
?___fltol                        cstackBANK0  0048
?___lldiv                        cstackBANK0  0020
?___lwdiv                        cstackCOMMON 0072
?___lwmod                        cstackCOMMON 0072
?___wmul                         cstackCOMMON 0072
?___xxtofl                       cstackBANK0  0020
?_my_strcmp                      cstackCOMMON 0072
?_read_adc                       cstackCOMMON 0072
_ACKDT                           (abs)        048D
_ACKEN                           (abs)        048C
_ACKSTAT                         (abs)        048E
_ADCON0                          (abs)        001F
_ADFM                            (abs)        04FF
_ADON                            (abs)        00F8
_ADRESH                          (abs)        001E
_ADRESL                          (abs)        009E
_CREN                            (abs)        00C4
_GIE                             (abs)        005F
_GO                              (abs)        00FA
_PEN                             (abs)        048A
_PORTB                           (abs)        0006
_PORTD                           (abs)        0008
_PSA                             (abs)        040B
_RCEN                            (abs)        048B
_RCIE                            (abs)        0465
_RCIF                            (abs)        0065
_RCREG                           (abs)        001A
_RE1                             (abs)        0049
_RE2                             (abs)        004A
_R_nW                            (abs)        04A2
_SEN                             (abs)        0488
_SPBRG                           (abs)        0099
_SPEN                            (abs)        00C7
_SSPADD                          (abs)        0093
_SSPBUF                          (abs)        0013
_SSPCON2                         (abs)        0091
_SSPEN                           (abs)        00A5
_SSPM3                           (abs)        00A3
_T0CS                            (abs)        040D
_TMR0                            (abs)        0001
_TMR0IE                          (abs)        005D
_TMR0IF                          (abs)        005A
_TRISB                           (abs)        0086
_TRISD                           (abs)        0088
_TRISE1                          (abs)        0449
_TRISE2                          (abs)        044A
_TXIF                            (abs)        0064
_TXREG                           (abs)        0019
__H__absolute__                  __absolute__ 0000
__Habs1                          abs1         0000
__Hbank0                         bank0        0000
__Hbank1                         bank1        0000
__Hbank2                         bank2        0000
__Hbank3                         bank3        0000
__HbssBANK0                      bssBANK0     0000
__HbssBANK1                      bssBANK1     0000
__HbssBANK3                      bssBANK3     0000
__HbssCOMMON                     bssCOMMON    0000
__Hcinit                         cinit        0066
__Hclrtext                       clrtext      0000
__Hcode                          code         0000
__Hcommon                        common       0000
__Hconfig                        config       2008
__HcstackBANK0                   cstackBANK0  0000
__HcstackCOMMON                  cstackCOMMON 0000
__HdataBANK0                     dataBANK0    0000
__HdataBANK1                     dataBANK1    0000
__HdataBANK2                     dataBANK2    0000
__HdataBANK3                     dataBANK3    0000
__Heeprom_data                   eeprom_data  0000
__Hend_init                      end_init     000F
__Hfunctab                       functab      0000
__Hheap                          heap         0000
__HidataBANK0                    idataBANK0   0000
__HidataBANK1                    idataBANK1   0000
__HidataBANK2                    idataBANK2   0000
__HidataBANK3                    idataBANK3   0000
__Hinit                          init         000C
__Hinittext                      inittext     0000
__Hintentry                      intentry     000C
__Hmaintext                      maintext     0000
__Hpowerup                       powerup      0000
__Hram                           ram          0000
__Hreset_vec                     reset_vec    0003
__Hsfr0                          sfr0         0000
__Hsfr1                          sfr1         0000
__Hsfr2                          sfr2         0000
__Hsfr3                          sfr3         0000
__Hsivt                          sivt         000C
__Hspace_0                       (abs)        2000
__Hspace_1                       (abs)        01E9
__Hspace_2                       (abs)        0000
__Hspace_3                       (abs)        0000
__Hspace_4                       (abs)        400F
__Hstack                         stack        0000
__Hstrings                       strings      0000
__Hstringtext                    stringtext   0000
__Htext                          text         0000
__L__absolute__                  __absolute__ 0000
__Labs1                          abs1         0000
__Lbank0                         bank0        0000
__Lbank1                         bank1        0000
__Lbank2                         bank2        0000
__Lbank3                         bank3        0000
__LbssBANK0                      bssBANK0     0000
__LbssBANK1                      bssBANK1     0000
__LbssBANK3                      bssBANK3     0000
__LbssCOMMON                     bssCOMMON    0000
__Lcinit                         cinit        000F
__Lclrtext                       clrtext      0000
__Lcode                          code         0000
__Lcommon                        common       0000
__Lconfig                        config       0000
__LcstackBANK0                   cstackBANK0  0000
__LcstackCOMMON                  cstackCOMMON 0000
__LdataBANK0                     dataBANK0    0000
__LdataBANK1                     dataBANK1    0000
__LdataBANK2                     dataBANK2    0000
__LdataBANK3                     dataBANK3    0000
__Leeprom_data                   eeprom_data  0000
__Lend_init                      end_init     000C
__Lfunctab                       functab      0000
__Lheap                          heap         0000
__LidataBANK0                    idataBANK0   0000
__LidataBANK1                    idataBANK1   0000
__LidataBANK2                    idataBANK2   0000
__LidataBANK3                    idataBANK3   0000
__Linit                          init         000C
__Linittext                      inittext     0000
__Lintentry                      intentry     0004
__Lmaintext                      maintext     0000
__Lpowerup                       powerup      0000
__Lram                           ram          0000
__Lreset_vec                     reset_vec    0000
__Lsfr0                          sfr0         0000
__Lsfr1                          sfr1         0000
__Lsfr2                          sfr2         0000
__Lsfr3                          sfr3         0000
__Lsivt                          sivt         000C
__Lspace_0                       (abs)        0000
__Lspace_1                       (abs)        0000
__Lspace_2                       (abs)        0000
__Lspace_3                       (abs)        0000
__Lspace_4                       (abs)        0000
__Lstack                         stack        0000
__Lstrings                       strings      0000
__Lstringtext                    stringtext   0000
__Ltext                          text         0000
__S0                             (abs)        2000
__S1                             (abs)        01E9
__S3                             (abs)        0000
___awdiv                         text5        13CF
___awdiv@counter                 cstackBANK0  0020
___awdiv@dividend                cstackCOMMON 0074
___awdiv@divisor                 cstackCOMMON 0072
___awdiv@quotient                cstackBANK0  0022
___awdiv@sign                    cstackBANK0  0021
___fldiv                         text42       05E6
___fldiv@a                       cstackBANK0  002E
___fldiv@aexp                    cstackBANK0  0047
___fldiv@b                       cstackBANK0  0032
___fldiv@bexp                    cstackBANK0  0046
___fldiv@grs                     cstackBANK0  0042
___fldiv@new_exp                 cstackBANK0  0040
___fldiv@rem                     cstackBANK0  003B
___fldiv@sign                    cstackBANK0  003F
___fltol                         text41       150F
___fltol@exp1                    cstackBANK0  0051
___fltol@f1                      cstackBANK0  0048
___fltol@sign1                   cstackBANK0  0050
___heap_hi                       (abs)        0000
___heap_lo                       (abs)        0000
___int_sp                        stack        0000
___int_stack_hi                  stack        0000
___int_stack_lo                  stack        0000
___latbits                       (abs)        0002
___lldiv                         text11       1434
___lldiv@counter                 cstackCOMMON 0077
___lldiv@dividend                cstackBANK0  0024
___lldiv@divisor                 cstackBANK0  0020
___lldiv@quotient                cstackCOMMON 0073
___lwdiv                         text40       12D4
___lwdiv@counter                 cstackBANK0  0022
___lwdiv@dividend                cstackCOMMON 0074
___lwdiv@divisor                 cstackCOMMON 0072
___lwdiv@quotient                cstackBANK0  0020
___lwmod                         text39       1221
___lwmod@counter                 cstackCOMMON 0076
___lwmod@dividend                cstackCOMMON 0074
___lwmod@divisor                 cstackCOMMON 0072
___sp                            stack        0000
___stack_hi                      stack        0000
___stack_lo                      stack        0000
___stackhi                       (abs)        0000
___stacklo                       (abs)        0000
___wmul                          text22       1E72
___wmul@multiplicand             cstackCOMMON 0074
___wmul@multiplier               cstackCOMMON 0072
___wmul@product                  cstackCOMMON 0076
___xxtofl                        text38       163A
___xxtofl@arg                    cstackBANK0  002A
___xxtofl@exp                    cstackBANK0  0029
___xxtofl@sign                   cstackBANK0  0028
___xxtofl@val                    cstackBANK0  0020
__end_of___awdiv                 text5        1434
__end_of___fldiv                 text42       07B0
__end_of___fltol                 text41       1585
__end_of___lldiv                 text11       149A
__end_of___lwdiv                 text40       1318
__end_of___lwmod                 text39       1259
__end_of___wmul                  text22       1E97
__end_of___xxtofl                text38       16F0
__end_of__initialization         cinit        0062
__end_of__stringtab              strings      1812
__end_of_change_pass             text44       1000
__end_of_clcd_clear_screen       text37       081C
__end_of_clcd_print              text48       1FCD
__end_of_clcd_putch              text47       11B7
__end_of_clcd_write              text49       1221
__end_of_clear_log               text43       12D4
__end_of_dashboard               text23       0DE1
__end_of_display_time            text36       136C
__end_of_down_log                text18       0960
__end_of_get_time                text28       1E0D
__end_of_i2c_read                text34       1E2E
__end_of_i2c_rep_start           text31       1D2C
__end_of_i2c_start               text33       1D21
__end_of_i2c_stop                text32       0800
__end_of_i2c_wait_for_idle       text35       1D65
__end_of_i2c_write               text30       1D37
__end_of_init_adc                text17       1D10
__end_of_init_clcd               text15       1D4D
__end_of_init_config             text7        1292
__end_of_init_digital_keypad     text14       1D09
__end_of_init_display_controller text16       13CF
__end_of_init_ds1307             text12       1DAF
__end_of_init_i2c                text10       11EB
__end_of_init_timer0             text9        1D58
__end_of_init_uart               text8        2000
__end_of_isr                     text50       07F7
__end_of_login_screen            text6        05E6
__end_of_main                    maintext     163A
__end_of_main_menu               text4        0AB4
__end_of_my_strcmp               text46       1EE5
__end_of_my_strcpy               text45       1D76
__end_of_putchar                 text21       1D42
__end_of_puts                    text20       1EBD
__end_of_read_adc                text27       1DCE
__end_of_read_digital_keypad     text3        1F6A
__end_of_read_ds1307             text29       1F10
__end_of_read_external_eeprom    text19       1F3B
__end_of_set_time                text2        0392
__end_of_store_event             text25       1800
__end_of_store_time              text24       150F
__end_of_view_log                text1        0C2D
__end_of_write_ds1307            text13       1E50
__end_of_write_external_eeprom   text26       1F9A
__initialization                 cinit        000F
__pbssBANK0                      bssBANK0     005B
__pbssBANK1                      bssBANK1     00A0
__pbssBANK3                      bssBANK3     0190
__pbssCOMMON                     bssCOMMON    0078
__pcstackBANK0                   cstackBANK0  0020
__pcstackCOMMON                  cstackCOMMON 0070
__pdataBANK0                     dataBANK0    006D
__pdataBANK1                     dataBANK1    00DA
__pdataBANK2                     dataBANK2    0110
__pdataBANK3                     dataBANK3    01CA
__pidataBANK0                    idataBANK0   11A0
__pidataBANK1                    idataBANK1   1D76
__pidataBANK2                    idataBANK2   1E50
__pidataBANK3                    idataBANK3   1DCE
__pintentry                      intentry     0004
__pmaintext                      maintext     1585
__pstrings                       strings      1800
__pstringtext                    stringtext   1000
__ptext1                         text1        0AB4
__ptext10                        text10       11B7
__ptext11                        text11       1434
__ptext12                        text12       1D9B
__ptext13                        text13       1E2E
__ptext14                        text14       1D03
__ptext15                        text15       1D42
__ptext16                        text16       136C
__ptext17                        text17       1D09
__ptext18                        text18       081C
__ptext19                        text19       1F10
__ptext2                         text2        0066
__ptext20                        text20       1E97
__ptext21                        text21       1D37
__ptext22                        text22       1E72
__ptext23                        text23       0C2D
__ptext24                        text24       149A
__ptext25                        text25       16F0
__ptext26                        text26       1F6A
__ptext27                        text27       1DAF
__ptext28                        text28       1DED
__ptext29                        text29       1EE5
__ptext3                         text3        1F3B
__ptext30                        text30       1D2C
__ptext31                        text31       1D21
__ptext32                        text32       07F7
__ptext33                        text33       1D18
__ptext34                        text34       1E0D
__ptext35                        text35       1D58
__ptext36                        text36       1318
__ptext37                        text37       0801
__ptext38                        text38       163A
__ptext39                        text39       1221
__ptext4                         text4        0960
__ptext40                        text40       12D4
__ptext41                        text41       150F
__ptext42                        text42       05E6
__ptext43                        text43       1292
__ptext44                        text44       0DE1
__ptext45                        text45       1D65
__ptext46                        text46       1EBD
__ptext47                        text47       11A2
__ptext48                        text48       1F9A
__ptext49                        text49       11EB
__ptext5                         text5        13CF
__ptext50                        text50       07B0
__ptext6                         text6        0392
__ptext7                         text7        1259
__ptext8                         text8        1FCD
__ptext9                         text9        1D4D
__stringbase                     strings      1812
__stringtab                      strings      1800
_adc_val                         bssBANK1     00CA
_change_pass                     text44       0DE1
_change_pass$413                 cstackBANK0  0026
_change_pass$414                 cstackBANK0  0028
_change_pass$416                 cstackBANK0  002A
_change_pass$417                 cstackBANK0  002C
_clcd_clear_screen               text37       0801
_clcd_print                      text48       1F9A
_clcd_putch                      text47       11A2
_clcd_write                      text49       11EB
_clear_log                       text43       1292
_clock_reg                       bssBANK1     00D7
_dashboard                       text23       0C2D
_display_time                    text36       1318
_down_log                        text18       081C
_event                           dataBANK3    01CA
_event_count                     bssBANK0     006C
_exit_ch_pass                    bssBANK1     00CC
_exit_clear_log                  bssBANK1     00CE
_exit_down_log                   bssBANK1     00CD
_exit_view_log                   bssBANK1     00CF
_get_time                        text28       1DED
_i2c_read                        text34       1E0D
_i2c_rep_start                   text31       1D21
_i2c_start                       text33       1D18
_i2c_stop                        text32       07F7
_i2c_wait_for_idle               text35       1D58
_i2c_write                       text30       1D2C
_init_adc                        text17       1D09
_init_clcd                       text15       1D42
_init_config                     text7        1259
_init_digital_keypad             text14       1D03
_init_display_controller         text16       136C
_init_ds1307                     text12       1D9B
_init_i2c                        text10       11B7
_init_timer0                     text9        1D4D
_init_uart                       text8        1FCD
_isr                             text50       07B0
_line1                           bssBANK3     01A1
_line2                           bssBANK3     0190
_log_write_addr                  bssBANK1     00C8
_login_screen                    text6        0392
_login_screen$252                cstackBANK0  0027
_login_screen$253                cstackBANK0  0029
_main                            maintext     1585
_main_menu                       text4        0960
_menu                            dataBANK3    01DA
_my_strcmp                       text46       1EBD
_my_strcpy                       text45       1D65
_nDONE                           (abs)        00FA
_new_sec                         dataBANK1    00E0
_operation                       bssBANK0     006B
_pass                            dataBANK3    01E4
_pos                             bssBANK0     0067
_pos1                            bssBANK0     0061
_prev_pos                        dataBANK1    00E2
_putchar                         text21       1D37
_puts                            text20       1E97
_read_adc                        text27       1DAF
_read_digital_keypad             text3        1F3B
_read_ds1307                     text29       1EE5
_read_external_eeprom            text19       1F10
_sec                             bssBANK0     0065
_set_time                        text2        0066
_set_time$433                    cstackBANK0  002F
_set_time$436                    cstackBANK0  0028
_set_time$437                    cstackBANK0  002A
_set_time$438                    cstackBANK0  002C
_speed                           bssBANK1     00D4
_store_event                     text25       16F0
_store_time                      text24       149A
_time                            bssBANK3     01B2
_user_pass                       bssBANK3     01C5
_view_log                        text1        0AB4
_write_ds1307                    text13       1E2E
_write_external_eeprom           text26       1F6A
btemp                            (abs)        007E
btemp0                           (abs)        007E
btemp1                           (abs)        007F
change_pass@arr1                 bssBANK3     01C0
change_pass@arr2                 bssBANK3     01BB
change_pass@flag                 bssBANK1     00A4
change_pass@i                    bssBANK0     005F
change_pass@j                    bssBANK0     005D
change_pass@key                  cstackBANK0  002E
change_pass@once1                dataBANK1    00E6
change_pass@once2                dataBANK1    00E5
change_pass@prev_key             bssBANK0     006A
change_pass@prev_sec             bssBANK1     00AA
change_pass@prev_sec2            bssBANK1     00A8
change_pass@res_time             bssBANK1     00A6
change_pass@str                  dataBANK2    0110
clcd_print@addr                  cstackBANK0  0022
clcd_print@str                   cstackBANK0  0020
clcd_putch@addr                  cstackCOMMON 0077
clcd_putch@data                  cstackBANK0  0023
clcd_write@byte                  cstackCOMMON 0075
clcd_write@mode                  cstackCOMMON 0072
clear_log@delay                  bssBANK1     00AE
clear_log@once                   dataBANK1    00E8
clear_ram0                       clrtext      1D10
dashboard@key                    cstackBANK0  0059
display_time@clock_reg           cstackCOMMON 0076
down_log@addr                    cstackBANK0  0038
down_log@delay                   bssBANK1     00AC
down_log@i                       cstackBANK0  0036
down_log@line                    cstackBANK0  0025
down_log@once                    dataBANK1    00E7
end_of_initialization            cinit        0062
get_time@clock_reg               cstackCOMMON 0076
i2c_read@ack                     cstackCOMMON 0072
i2c_read@data                    cstackCOMMON 0073
i2c_write@data                   cstackCOMMON 0072
init_ds1307@dummy                cstackBANK0  0024
init_fetch0                      inittext     1D88
init_i2c@baud                    cstackBANK0  0028
init_ram0                        inittext     1D8C
init_uart@baud                   cstackBANK0  0028
interrupt_function               intentry     0004
intlevel0                        functab      0000
intlevel1                        functab      0000
intlevel2                        functab      0000
intlevel3                        functab      0000
intlevel4                        functab      0000
intlevel5                        functab      0000
isr@count                        bssBANK1     00C6
login_screen@attempt             dataBANK1    00DE
login_screen@block_start_sec     bssBANK1     00C4
login_screen@elapsed             cstackBANK0  002B
login_screen@flag                bssBANK1     00BC
login_screen@i                   bssBANK0     0063
login_screen@idle_count          bssBANK1     00BA
login_screen@idle_prev_sec       bssBANK1     00BE
login_screen@key                 cstackBANK0  002F
login_screen@prev_sec            bssBANK1     00C0
login_screen@remain              cstackBANK0  002D
login_screen@str                 dataBANK2    0121
login_screen@user_active         bssBANK1     00C2
ltemp0a                          (abs)        0080
main@key                         cstackBANK0  005A
main_menu@display                bssBANK1     00B6
main_menu@key                    cstackBANK0  0026
main_menu@menu_once              dataBANK1    00EA
main_menu@state                  dataBANK0    006D
main_menu@state_active           bssBANK1     00B4
main_menu@user_active            bssBANK1     00B2
my_strcmp@str1                   cstackCOMMON 0072
my_strcmp@str2                   cstackCOMMON 0073
my_strcpy@dst                    cstackCOMMON 0072
my_strcpy@src                    cstackCOMMON 0073
putchar@data                     cstackCOMMON 0072
puts@s                           cstackCOMMON 0073
read_adc@adc_reg_val             cstackCOMMON 0075
read_adc@channel                 cstackCOMMON 0077
read_digital_keypad@mode         cstackCOMMON 0073
read_digital_keypad@once         dataBANK1    00EB
read_ds1307@addr                 cstackCOMMON 0074
read_ds1307@data                 cstackCOMMON 0075
read_external_eeprom@address     cstackCOMMON 0074
read_external_eeprom@data        cstackCOMMON 0075
reset_vec                        reset_vec    0000
saved_w                          (abs)        007E
set_time@field                   bssBANK0     0069
set_time@hr                      bssBANK0     005B
set_time@key                     cstackBANK0  0030
set_time@min                     bssCOMMON    007A
set_time@once                    dataBANK1    00DA
set_time@pos                     cstackBANK0  002E
set_time@prev_key                dataBANK1    00E4
set_time@prev_sec                bssBANK1     00A0
set_time@rtc_sec                 bssBANK1     00A2
set_time@sec                     bssCOMMON    0078
set_time@time                    bssBANK1     00D1
start                            init         000C
start_initialization             cinit        000F
store_event@address              cstackBANK0  0028
store_event@event                cstackBANK0  0020
store_event@speed                cstackBANK0  0023
store_event@time                 cstackBANK0  0022
store_time@clock_reg             cstackCOMMON 0073
store_time@time                  cstackCOMMON 0072
ttemp0a                          (abs)        007F
view_log@addr                    cstackBANK0  0035
view_log@flag                    dataBANK1    00DC
view_log@key                     cstackBANK0  0034
view_log@line                    cstackBANK0  0023
view_log@no_log_once             dataBANK1    00E9
view_log@read_addr               bssBANK1     00B0
write_ds1307@addr                cstackBANK0  0023
write_ds1307@data                cstackCOMMON 0077
write_external_eeprom@address    cstackCOMMON 0076
write_external_eeprom@data       cstackCOMMON 0073
write_external_eeprom@wait       cstackCOMMON 0074
wtemp0                           (abs)        007E
wtemp0a                          (abs)        007F


MODULE INFORMATION

Module		Function		Class		Link	Load	Size
digital_keypad.c
		_init_digital_keypad		CODE           	1D03	0000	6
		_read_digital_keypad		CODE           	1F3B	0000	47

digital_keypad.c estimated size: 53

C:\Program Files\Microchip\xc8\v3.10\pic\sources\c99\common\lwmod.c
		___lwmod       		CODE           	1221	0000	56

C:\Program Files\Microchip\xc8\v3.10\pic\sources\c99\common\lwmod.c estimated size: 56

Timer.c
		_init_timer0   		CODE           	1D4D	0000	11

Timer.c estimated size: 11

uart.c
		_init_uart     		CODE           	1FCD	0000	51
		_puts          		CODE           	1E97	0000	38
		_putchar       		CODE           	1D37	0000	11

uart.c estimated size: 100

i2c.c
		_i2c_start     		CODE           	1D18	0000	9
		_i2c_rep_start 		CODE           	1D21	0000	11
		_i2c_write     		CODE           	1D2C	0000	11
		_i2c_stop      		CODE           	07F7	0000	9
		_i2c_read      		CODE           	1E0D	0000	33
		_init_i2c      		CODE           	11B7	0000	52
		_i2c_wait_for_idle		CODE           	1D58	0000	13

i2c.c estimated size: 138

dashboard.c
		_dashboard     		CODE           	0C2D	0000	436

dashboard.c estimated size: 436

ds1307.c
		_read_ds1307   		CODE           	1EE5	0000	43
		_write_ds1307  		CODE           	1E2E	0000	34
		_display_time  		CODE           	1318	0000	84
		_get_time      		CODE           	1DED	0000	32
		_init_ds1307   		CODE           	1D9B	0000	20

ds1307.c estimated size: 213

C:\Program Files\Microchip\xc8\v3.10\pic\sources\c99\common\lwdiv.c
		___lwdiv       		CODE           	12D4	0000	68

C:\Program Files\Microchip\xc8\v3.10\pic\sources\c99\common\lwdiv.c estimated size: 68

main_menu.c
		_main_menu     		CODE           	0960	0000	340

main_menu.c estimated size: 340

C:\Program Files\Microchip\xc8\v3.10\pic\sources\c99\common\awdiv.c
		___awdiv       		CODE           	13CF	0000	101

C:\Program Files\Microchip\xc8\v3.10\pic\sources\c99\common\awdiv.c estimated size: 101

adc.c
		_init_adc      		CODE           	1D09	0000	7
		_read_adc      		CODE           	1DAF	0000	31

adc.c estimated size: 38

C:\Program Files\Microchip\xc8\v3.10\pic\sources\c99\common\fltol.c
		___fltol       		CODE           	150F	0000	118

C:\Program Files\Microchip\xc8\v3.10\pic\sources\c99\common\fltol.c estimated size: 118

C:\Program Files\Microchip\xc8\v3.10\pic\sources\c99\common\xxtofl.c
		___xxtofl      		CODE           	163A	0000	182

C:\Program Files\Microchip\xc8\v3.10\pic\sources\c99\common\xxtofl.c estimated size: 182

C:\Program Files\Microchip\xc8\v3.10\pic\sources\c99\common\sprcdiv.c
		___fldiv       		CODE           	05E6	0000	458

C:\Program Files\Microchip\xc8\v3.10\pic\sources\c99\common\sprcdiv.c estimated size: 458

isr.c
		_isr           		CODE           	07B0	0000	71

isr.c estimated size: 71

external_eeprom.c
		_write_external_eeprom		CODE           	1F6A	0000	48
		_read_external_eeprom		CODE           	1F10	0000	43

external_eeprom.c estimated size: 91

shared
		__stringtab    		STRING         	1800	0000	18
		__initialization		CODE           	000F	0000	83

shared estimated size: 101

clcd.c
		_clcd_write    		CODE           	11EB	0000	54
		_clcd_print    		CODE           	1F9A	0000	51
		_clcd_putch    		CODE           	11A2	0000	21
		_init_display_controller		CODE           	136C	0000	99
		_init_clcd     		CODE           	1D42	0000	11

clcd.c estimated size: 236

C:\Program Files\Microchip\xc8\v3.10\pic\sources\c99\common\__lldiv.c
		___lldiv       		CODE           	1434	0000	102

C:\Program Files\Microchip\xc8\v3.10\pic\sources\c99\common\__lldiv.c estimated size: 102

menu_actions.c
		_view_log      		CODE           	0AB4	0000	377
		_set_time      		CODE           	0066	0000	812
		_clear_log     		CODE           	1292	0000	66
		_change_pass   		CODE           	0DE1	0000	543
		_down_log      		CODE           	081C	0000	324

menu_actions.c estimated size: 2122

common.c
		_my_strcmp     		CODE           	1EBD	0000	40
		_my_strcpy     		CODE           	1D65	0000	17
		_store_time    		CODE           	149A	0000	117
		_clcd_clear_screen		CODE           	0801	0000	27

common.c estimated size: 201

Event_store.c
		_store_event   		CODE           	16F0	0000	272

Event_store.c estimated size: 272

main.c
		_main          		CODE           	1585	0000	181
		_init_config   		CODE           	1259	0000	57

main.c estimated size: 238

login_screen.c
		_login_screen  		CODE           	0392	0000	596

login_screen.c estimated size: 596

C:\Program Files\Microchip\xc8\v3.10\pic\sources\c99\common\Umul16.c
		___wmul        		CODE           	1E72	0000	37

C:\Program Files\Microchip\xc8\v3.10\pic\sources\c99\common\Umul16.c estimated size: 37

